#!/bin/bash

Python 3.10.12 (main, Aug 15 2025, 14:32:43) [GCC 11.4.0] on linux
Type "help", "copyright", "credits" or "license" for more information.
>>> 2.7/2
1.35
>>> 2.7//2
1.0
>>> 10+5j/2
(10+2.5j)
>>> x=2.2+5.3j
>>> x.conjugate
<built-in method conjugate of complex object at 0x7639112b1130>
>>> x.conjugate()
(2.2-5.3j)
>>> round(2.5)
2
>>> round(-2.5)
-2
>>> 2//4-1
-1
>>> 3*2**2
12
>>> 3**2*2
18
>>> 7//4
1
>>> 7%4
3
>>> -7%4
1
>>> complex(2.2,5.3)
(2.2+5.3j)
>>> conjugate()
Traceback (most recent call last):
  File "<stdin>", line 1, in <module>
NameError: name 'conjugate' is not defined
>>> a=complex(2.2,5.3)
>>> a.conjugate()
(2.2-5.3j)
>>> a=complex(2.2,5.3).conjugate()
>>> a=complex(2.2,5.3).conjugate().imag
>>> a
-5.3

